src/commands/battle.ts(183,32): error TS7006: Parameter '_' implicitly has an 'any' type.
src/commands/battle.ts(183,35): error TS7006: Parameter 'reason' implicitly has an 'any' type.
src/index.ts(61,31): error TS2551: Property 'followup' does not exist on type 'ChatInputCommandInteraction<CacheType>'. Did you mean 'followUp'?
